../Core/Src/main.c:142:5:main	8	static
../Core/Src/main.c:248:6:SystemClock_Config	88	static
../Core/Src/main.c:295:13:MX_ADC1_Init	24	static
../Core/Src/main.c:347:13:MX_I2C1_Init	8	static
../Core/Src/main.c:381:13:MX_USART1_UART_Init	8	static
../Core/Src/main.c:414:13:MX_USART2_UART_Init	8	static
../Core/Src/main.c:447:13:MX_GPIO_Init	48	static
../Core/Src/main.c:505:6:HAL_GPIO_EXTI_Callback	16	static
../Core/Src/main.c:536:6:StartVoltMeter	32	static
../Core/Src/main.c:580:6:StartAmperMeter	32	static
../Core/Src/main.c:623:6:StartOhmMeter	32	static
../Core/Src/main.c:666:6:StartPrint	16	static
../Core/Src/main.c:708:6:StartADC	16	static
../Core/Src/main.c:733:6:HAL_TIM_PeriodElapsedCallback	16	static
../Core/Src/main.c:750:6:Error_Handler	4	static,ignoring_inline_asm
