../Core/Src/main.c:143:5:main	8	static
../Core/Src/main.c:250:6:SystemClock_Config	88	static
../Core/Src/main.c:297:13:MX_ADC1_Init	24	static
../Core/Src/main.c:349:13:MX_I2C1_Init	8	static
../Core/Src/main.c:383:13:MX_USART1_UART_Init	8	static
../Core/Src/main.c:416:13:MX_USART2_UART_Init	8	static
../Core/Src/main.c:449:13:MX_GPIO_Init	48	static
../Core/Src/main.c:507:6:HAL_GPIO_EXTI_Callback	24	static
../Core/Src/main.c:570:6:StartVoltMeter	32	static
../Core/Src/main.c:615:6:StartAmperMeter	32	static
../Core/Src/main.c:660:6:StartOhmMeter	32	static
../Core/Src/main.c:705:6:StartPrint	16	static
../Core/Src/main.c:748:6:StartADC	16	static
../Core/Src/main.c:773:6:HAL_TIM_PeriodElapsedCallback	16	static
../Core/Src/main.c:790:6:Error_Handler	4	static,ignoring_inline_asm
